Running Parser Tests...

Ô£à PASS: "20kg Tuna" -> { species: "Tuna", weight: 20 }
Ô£à PASS: "Tuna 20kg" -> { species: "Tuna", weight: 20 }
Ô£à PASS: "20.5 kilos of Salmon" -> { species: "Salmon", weight: 20.5 }
Ô£à PASS: "Jack of all Trades 5kg" -> { species: "Jack of all Trades", weight: 5 }
Ô£à PASS: "Catch of the Day 10 lbs" -> { species: "Catch of the Day", weight: 4.54 }
Ô£à PASS: "Sea of Galilee Tilapia 2kg" -> { species: "Sea of Galilee Tilapia", weight: 2 }
Ô£à PASS: "Just a fish" -> { species: "Just a fish", weight: null }

Result: 7/8 passed.
